This is pdfTeX, Version 3.141592653-2.6-1.40.25 (TeX Live 2023/Debian) (preloaded format=pdflatex 2025.9.9)  3 APR 2026 02:22
entering extended mode
 restricted \write18 enabled.
 file:line:error style messages enabled.
 %&-line parsing enabled.
**/home/steve-gillet/Desktop/rlRobot/pporphit/thesis/thesisSubmission.tex
(/home/steve-gillet/Desktop/rlRobot/pporphit/thesis/thesisSubmission.tex
LaTeX2e <2023-11-01> patch level 1
L3 programming layer <2024-01-22>
(./thesis.cls
Document Class: thesis 2020/08/06

--------------------------------------------------------------
 +---+ Thesis Style (thesis.cls) version 1.14
 +---+ for University of Colorado Ph.D. theses/dissertations.
 * Conforms to the University of Colorado at Boulder Graduate
 * School "SPECIFICATIONS for Preparation of Master's Thesis
 * and Doctoral Dissertations" (rev. May 2020).
--------------------------------------------------------------
 URL: http://www.colorado.edu/oit/software-hardware/tex-latex

(/usr/share/texlive/texmf-dist/tex/latex/base/report.cls
Document Class: report 2023/05/17 v1.4n Standard LaTeX document class
(/usr/share/texlive/texmf-dist/tex/latex/base/size11.clo
File: size11.clo 2023/05/17 v1.4n Standard LaTeX file (size option)
)
\c@part=\count187
\c@chapter=\count188
\c@section=\count189
\c@subsection=\count190
\c@subsubsection=\count191
\c@paragraph=\count192
\c@subparagraph=\count193
\c@figure=\count194
\c@table=\count195
\abovecaptionskip=\skip48
\belowcaptionskip=\skip49
\bibindent=\dimen140
) (/usr/share/texlive/texmf-dist/tex/latex/tools/indentfirst.sty
Package: indentfirst 2023/07/02 v1.03 Indent first paragraph (DPC)
) (/usr/share/texlive/texmf-dist/tex/latex/base/ifthen.sty
Package: ifthen 2022/04/13 v1.1d Standard LaTeX ifthen package (DPC)
) (/usr/share/texlive/texmf-dist/tex/generic/ulem/ulem.sty
\UL@box=\box51
\UL@hyphenbox=\box52
\UL@skip=\skip50
\UL@hook=\toks17
\UL@height=\dimen141
\UL@pe=\count196
\UL@pixel=\dimen142
\ULC@box=\box53
Package: ulem 2019/11/18
\ULdepth=\dimen143
)
\c@th@SecNum=\count197
\c@th@SectionSave=\count198
\th@SubSubSecSpc=\skip51
\c@th@storepage=\count199
) (/usr/share/texlive/texmf-dist/tex/latex/amsmath/amsmath.sty
Package: amsmath 2023/05/13 v2.17o AMS math features
\@mathmargin=\skip52

For additional information on amsmath, use the `?' option.
(/usr/share/texlive/texmf-dist/tex/latex/amsmath/amstext.sty
Package: amstext 2021/08/26 v2.01 AMS text
 (/usr/share/texlive/texmf-dist/tex/latex/amsmath/amsgen.sty
File: amsgen.sty 1999/11/30 v2.0 generic functions
\@emptytoks=\toks18
\ex@=\dimen144
)) (/usr/share/texlive/texmf-dist/tex/latex/amsmath/amsbsy.sty
Package: amsbsy 1999/11/29 v1.2d Bold Symbols
\pmbraise@=\dimen145
) (/usr/share/texlive/texmf-dist/tex/latex/amsmath/amsopn.sty
Package: amsopn 2022/04/08 v2.04 operator names
)
\inf@bad=\count266
LaTeX Info: Redefining \frac on input line 234.
\uproot@=\count267
\leftroot@=\count268
LaTeX Info: Redefining \overline on input line 399.
LaTeX Info: Redefining \colon on input line 410.
\classnum@=\count269
\DOTSCASE@=\count270
LaTeX Info: Redefining \ldots on input line 496.
LaTeX Info: Redefining \dots on input line 499.
LaTeX Info: Redefining \cdots on input line 620.
\Mathstrutbox@=\box54
\strutbox@=\box55
LaTeX Info: Redefining \big on input line 722.
LaTeX Info: Redefining \Big on input line 723.
LaTeX Info: Redefining \bigg on input line 724.
LaTeX Info: Redefining \Bigg on input line 725.
\big@size=\dimen146
LaTeX Font Info:    Redeclaring font encoding OML on input line 743.
LaTeX Font Info:    Redeclaring font encoding OMS on input line 744.
\macc@depth=\count271
LaTeX Info: Redefining \bmod on input line 905.
LaTeX Info: Redefining \pmod on input line 910.
LaTeX Info: Redefining \smash on input line 940.
LaTeX Info: Redefining \relbar on input line 970.
LaTeX Info: Redefining \Relbar on input line 971.
\c@MaxMatrixCols=\count272
\dotsspace@=\muskip16
\c@parentequation=\count273
\dspbrk@lvl=\count274
\tag@help=\toks19
\row@=\count275
\column@=\count276
\maxfields@=\count277
\andhelp@=\toks20
\eqnshift@=\dimen147
\alignsep@=\dimen148
\tagshift@=\dimen149
\tagwidth@=\dimen150
\totwidth@=\dimen151
\lineht@=\dimen152
\@envbody=\toks21
\multlinegap=\skip53
\multlinetaggap=\skip54
\mathdisplay@stack=\toks22
LaTeX Info: Redefining \[ on input line 2953.
LaTeX Info: Redefining \] on input line 2954.
) (/usr/share/texlive/texmf-dist/tex/latex/amsfonts/amssymb.sty
Package: amssymb 2013/01/14 v3.01 AMS font symbols
 (/usr/share/texlive/texmf-dist/tex/latex/amsfonts/amsfonts.sty
Package: amsfonts 2013/01/14 v3.01 Basic AMSFonts support
\symAMSa=\mathgroup4
\symAMSb=\mathgroup5
LaTeX Font Info:    Redeclaring math symbol \hbar on input line 98.
LaTeX Font Info:    Overwriting math alphabet `\mathfrak' in version `bold'
(Font)                  U/euf/m/n --> U/euf/b/n on input line 106.
)) (/usr/share/texlive/texmf-dist/tex/latex/url/url.sty
\Urlmuskip=\muskip17
Package: url 2013/09/16  ver 3.4  Verb mode for urls, etc.
) (/usr/share/texlive/texmf-dist/tex/latex/float/float.sty
Package: float 2001/11/08 v1.3d Float enhancements (AL)
\c@float@type=\count278
\float@exts=\toks23
\float@box=\box56
\@float@everytoks=\toks24
\@floatcapt=\box57
) (/usr/share/texlive/texmf-dist/tex/latex/graphics/graphicx.sty
Package: graphicx 2021/09/16 v1.2d Enhanced LaTeX Graphics (DPC,SPQR)
 (/usr/share/texlive/texmf-dist/tex/latex/graphics/keyval.sty
Package: keyval 2022/05/29 v1.15 key=value parser (DPC)
\KV@toks@=\toks25
) (/usr/share/texlive/texmf-dist/tex/latex/graphics/graphics.sty
Package: graphics 2022/03/10 v1.4e Standard LaTeX Graphics (DPC,SPQR)
 (/usr/share/texlive/texmf-dist/tex/latex/graphics/trig.sty
Package: trig 2021/08/11 v1.11 sin cos tan (DPC)
) (/usr/share/texlive/texmf-dist/tex/latex/graphics-cfg/graphics.cfg
File: graphics.cfg 2016/06/04 v1.11 sample graphics configuration
)
Package graphics Info: Driver file: pdftex.def on input line 107.
 (/usr/share/texlive/texmf-dist/tex/latex/graphics-def/pdftex.def
File: pdftex.def 2022/09/22 v1.2b Graphics/color driver for pdftex
))
\Gin@req@height=\dimen153
\Gin@req@width=\dimen154
) (/usr/share/texlive/texmf-dist/tex/latex/algorithms/algorithm.sty
Package: algorithm 2009/08/24 v0.1 Document Style `algorithm' - floating environment
\@float@every@algorithm=\toks26
\c@algorithm=\count279
) (/usr/share/texlive/texmf-dist/tex/latex/algorithmicx/algpseudocode.sty
Package: algpseudocode 
 (/usr/share/texlive/texmf-dist/tex/latex/algorithmicx/algorithmicx.sty
Package: algorithmicx 2005/04/27 v1.2 Algorithmicx

Document Style algorithmicx 1.2 - a greatly improved `algorithmic' style
\c@ALG@line=\count280
\c@ALG@rem=\count281
\c@ALG@nested=\count282
\ALG@tlm=\skip55
\ALG@thistlm=\skip56
\c@ALG@Lnr=\count283
\c@ALG@blocknr=\count284
\c@ALG@storecount=\count285
\c@ALG@tmpcounter=\count286
\ALG@tmplength=\skip57
)
Document Style - pseudocode environments for use with the `algorithmicx' style
) (/usr/share/texlive/texmf-dist/tex/latex/caption/subcaption.sty
Package: subcaption 2023/07/28 v1.6b Sub-captions (AR)
 (/usr/share/texlive/texmf-dist/tex/latex/caption/caption.sty
Package: caption 2023/08/05 v3.6o Customizing captions (AR)
 (/usr/share/texlive/texmf-dist/tex/latex/caption/caption3.sty
Package: caption3 2023/07/31 v2.4d caption3 kernel (AR)
\caption@tempdima=\dimen155
\captionmargin=\dimen156
\caption@leftmargin=\dimen157
\caption@rightmargin=\dimen158
\caption@width=\dimen159
\caption@indent=\dimen160
\caption@parindent=\dimen161
\caption@hangindent=\dimen162
Package caption Info: Standard document class detected.
)
\c@caption@flags=\count287
\c@continuedfloat=\count288
Package caption Info: float package is loaded.
)
Package caption Info: New subtype `subfigure' on input line 238.
\c@subfigure=\count289
Package caption Info: New subtype `subtable' on input line 238.
\c@subtable=\count290
) (/usr/share/texlive/texmf-dist/tex/latex/sttools/stfloats.sty
Package: stfloats 2017/03/27 v3.3 Improve float mechanism and baselineskip settings
\@dblbotnum=\count291
\c@dblbotnumber=\count292
)
Putting page number on short LoT
(/usr/share/texlive/texmf-dist/tex/latex/l3backend/l3backend-pdftex.def
File: l3backend-pdftex.def 2024-01-04 L3 backend support: PDF output (pdfTeX)
\l__color_backend_stack_int=\count293
\l__pdf_internal_box=\box58
) (./thesisSubmission.aux)
\openout1 = `thesisSubmission.aux'.

LaTeX Font Info:    Checking defaults for OML/cmm/m/it on input line 45.
LaTeX Font Info:    ... okay on input line 45.
LaTeX Font Info:    Checking defaults for OMS/cmsy/m/n on input line 45.
LaTeX Font Info:    ... okay on input line 45.
LaTeX Font Info:    Checking defaults for OT1/cmr/m/n on input line 45.
LaTeX Font Info:    ... okay on input line 45.
LaTeX Font Info:    Checking defaults for T1/cmr/m/n on input line 45.
LaTeX Font Info:    ... okay on input line 45.
LaTeX Font Info:    Checking defaults for TS1/cmr/m/n on input line 45.
LaTeX Font Info:    ... okay on input line 45.
LaTeX Font Info:    Checking defaults for OMX/cmex/m/n on input line 45.
LaTeX Font Info:    ... okay on input line 45.
LaTeX Font Info:    Checking defaults for U/cmr/m/n on input line 45.
LaTeX Font Info:    ... okay on input line 45.
 (/usr/share/texlive/texmf-dist/tex/context/base/mkii/supp-pdf.mkii
[Loading MPS to PDF converter (version 2006.09.02).]
\scratchcounter=\count294
\scratchdimen=\dimen163
\scratchbox=\box59
\nofMPsegments=\count295
\nofMParguments=\count296
\everyMPshowfont=\toks27
\MPscratchCnt=\count297
\MPscratchDim=\dimen164
\MPnumerator=\count298
\makeMPintoPDFobject=\count299
\everyMPtoPDFconversion=\toks28
) (/usr/share/texlive/texmf-dist/tex/latex/epstopdf-pkg/epstopdf-base.sty
Package: epstopdf-base 2020-01-24 v2.11 Base part for package epstopdf
Package epstopdf-base Info: Redefining graphics rule for `.eps' on input line 485.
 (/usr/share/texlive/texmf-dist/tex/latex/latexconfig/epstopdf-sys.cfg
File: epstopdf-sys.cfg 2010/07/13 v1.3 Configuration of (r)epstopdf for TeX Live
))
Package caption Info: Begin \AtBeginDocument code.
Package caption Info: End \AtBeginDocument code.

Making Title Page
Making Abstract Page
[1


{/var/lib/texmf/fonts/map/pdftex/updmap/pdftex.map}]
Making Dedication Page
Making Acknowledgement Page
[2

]
centered
Making ToC Page
[3


]
centered
(./thesisSubmission.toc
LaTeX Font Info:    Trying to load font information for U+msa on input line 4.
 (/usr/share/texlive/texmf-dist/tex/latex/amsfonts/umsa.fd
File: umsa.fd 2013/01/14 v3.01 AMS symbols A
)
LaTeX Font Info:    Trying to load font information for U+msb on input line 4.
 (/usr/share/texlive/texmf-dist/tex/latex/amsfonts/umsb.fd
File: umsb.fd 2013/01/14 v3.01 AMS symbols B
) [4

])
\tf@toc=\write3
\openout3 = `thesisSubmission.toc'.


Making LoT Page
Making Short LoT...
[5]
centered
Short Chapter (page numbered)
(./thesisSubmission.lot)
\tf@lot=\write4
\openout4 = `thesisSubmission.lot'.


Making LoF Page
[6

]
centered
(./thesisSubmission.lof [7

])
\tf@lof=\write5
\openout5 = `thesisSubmission.lof'.




-------------------Beginning Body----------------------


[8]
 \th@ChapterStyle\th@DoChapCenterChapter \th@ChapterStyle 1.
centered
<systemDiagram.png, id=34, 2413.015pt x 680.5425pt>
File: systemDiagram.png Graphic file (type png)
<use systemDiagram.png>
Package pdftex.def Info: systemDiagram.png  used on input line 55.
(pdftex.def)             Requested size: 469.75499pt x 132.48198pt.
[1


 <./systemDiagram.png>] [2] [3]
 \th@ChapterStyle\th@DoChapCenterChapter \th@ChapterStyle 2.
centered

Overfull \hbox (3.57108pt too wide) in paragraph at lines 104--109
[]\OT1/cmr/m/n/10.95 Basic ma-nip-u-la-tors of-ten strug-gle in highly con-strained or atyp-i-cal en-vi-ron-ment which prompts
 []

[4

] [5]
 \th@ChapterStyle\th@DoChapCenterChapter \th@ChapterStyle 3.
centered
[6

{/usr/share/texmf/fonts/enc/dvips/cm-super/cm-super-ts1.enc}]
<containerTask1.png, id=58, 1316.92pt x 1131.22626pt>
File: containerTask1.png Graphic file (type png)
<use containerTask1.png>
Package pdftex.def Info: containerTask1.png  used on input line 150.
(pdftex.def)             Requested size: 211.3883pt x 181.5695pt.
<containerTask2.png, id=59, 1596.96625pt x 1478.52374pt>
File: containerTask2.png Graphic file (type png)
<use containerTask2.png>
Package pdftex.def Info: containerTask2.png  used on input line 156.
(pdftex.def)             Requested size: 211.3883pt x 195.68913pt.
 [7 <./containerTask1.png> <./containerTask2.png>] [8] [9]
 \th@ChapterStyle\th@DoChapCenterChapter \th@ChapterStyle 4.
centered

Overfull \hbox (5.4148pt too wide) in paragraph at lines 231--232
\OT1/cmr/m/n/10.95 as-sem-bles the links se-quen-tially ac-cord-ing to the pa-ram-e-ter spec-i-fi-ca-tions us-ing rev-o-lute/slide
 []

[10

] [11] [12]
 \th@ChapterStyle\th@DoChapCenterChapter \th@ChapterStyle 5.
centered
<wallMountTask1.png, id=87, 328.8285pt x 315.3381pt>
File: wallMountTask1.png Graphic file (type png)
<use wallMountTask1.png>
Package pdftex.def Info: wallMountTask1.png  used on input line 295.
(pdftex.def)             Requested size: 211.3883pt x 202.7251pt.
<wallMountTask2.png, id=88, 1439.3775pt x 1262.7175pt>
File: wallMountTask2.png Graphic file (type png)
<use wallMountTask2.png>
Package pdftex.def Info: wallMountTask2.png  used on input line 302.
(pdftex.def)             Requested size: 211.3883pt x 185.43034pt.
[13

]
<shelfTask1.png, id=92, 1535.7375pt x 1162.3425pt>
File: shelfTask1.png Graphic file (type png)
<use shelfTask1.png>
Package pdftex.def Info: shelfTask1.png  used on input line 317.
(pdftex.def)             Requested size: 211.3883pt x 159.97777pt.
<shelfTask2.png, id=93, 1379.1525pt x 1142.2675pt>
File: shelfTask2.png Graphic file (type png)
<use shelfTask2.png>
Package pdftex.def Info: shelfTask2.png  used on input line 324.
(pdftex.def)             Requested size: 211.3883pt x 175.0801pt.
<outreachTask.png, id=94, 1631.09375pt x 1162.3425pt>
File: outreachTask.png Graphic file (type png)
<use outreachTask.png>
Package pdftex.def Info: outreachTask.png  used on input line 337.
(pdftex.def)             Requested size: 211.3883pt x 150.63095pt.
<sideToSideTask1.png, id=95, 1702.36pt x 1127.21124pt>
File: sideToSideTask1.png Graphic file (type png)
<use sideToSideTask1.png>
Package pdftex.def Info: sideToSideTask1.png  used on input line 348.
(pdftex.def)             Requested size: 211.3883pt x 139.95506pt.
<sideToSideTask2.png, id=96, 1675.25874pt x 1107.13625pt>
File: sideToSideTask2.png Graphic file (type png)
<use sideToSideTask2.png>
Package pdftex.def Info: sideToSideTask2.png  used on input line 355.
(pdftex.def)             Requested size: 211.3883pt x 139.69249pt.
 [14] [15] [16 <./wallMountTask1.png> <./wallMountTask2.png> <./shelfTask1.png> <./shelfTask2.png>] [17 <./outreachTask.png> <./sideToSideTask1.png> <./sideToSideTask2.png>]
 \th@ChapterStyle\th@DoChapCenterChapter \th@ChapterStyle 6.
centered
<sacContainerArm.png, id=117, 1356.06625pt x 1251.67625pt>
File: sacContainerArm.png Graphic file (type png)
<use sacContainerArm.png>
Package pdftex.def Info: sacContainerArm.png  used on input line 421.
(pdftex.def)             Requested size: 422.77661pt x 390.23111pt.
[18

] [19 <./sacContainerArm.png>]
 \th@ChapterStyle\th@DoChapCenterChapter \th@ChapterStyle 7.
centered
(./thesisSubmission.bbl [20

]
centered
[21

]
Underfull \hbox (badness 10000) in paragraph at lines 104--108
[]\OT1/cmr/m/n/10.95 Michelle Jack-son.  The story of la-bor spe-cial-iza-tion is a
 []


Underfull \hbox (badness 10000) in paragraph at lines 104--108
\OT1/cmr/m/n/10.95 bit more com-pli-cated.  $\OT1/cmtt/m/n/10.95 https : / / www . promarket . org / 2025 / 12 / 06 /
 []

[22] [23] [24]) [25]
 \th@ChapterStyle\th@DoChapCenterAppendix \th@ChapterStyle A.
centered
[26

] [27] [28] (./thesisSubmission.aux)
 ***********
LaTeX2e <2023-11-01> patch level 1
L3 programming layer <2024-01-22>
 ***********
 ) 
Here is how much of TeX's memory you used:
 5438 strings out of 474222
 88449 string characters out of 5748734
 1941975 words of memory out of 5000000
 27621 multiletter control sequences out of 15000+600000
 569512 words of font info for 78 fonts, out of 8000000 for 9000
 1141 hyphenation exceptions out of 8191
 67i,13n,77p,871b,598s stack positions out of 10000i,1000n,20000p,200000b,200000s
</usr/share/texlive/texmf-dist/fonts/type1/public/amsfonts/cm/cmbx10.pfb></usr/share/texlive/texmf-dist/fonts/type1/public/amsfonts/cm/cmbx12.pfb></usr/share/texlive/texmf-dist/fonts/type1/public/amsfonts/cm/cmex10.pfb></usr/share/texlive/texmf-dist/fonts/type1/public/amsfonts/cm/cmmi10.pfb></usr/share/texlive/texmf-dist/fonts/type1/public/amsfonts/cm/cmmi8.pfb></usr/share/texlive/texmf-dist/fonts/type1/public/amsfonts/cm/cmmib10.pfb></usr/share/texlive/texmf-dist/fonts/type1/public/amsfonts/cm/cmr10.pfb></usr/share/texlive/texmf-dist/fonts/type1/public/amsfonts/cm/cmr8.pfb></usr/share/texlive/texmf-dist/fonts/type1/public/amsfonts/cm/cmr9.pfb></usr/share/texlive/texmf-dist/fonts/type1/public/amsfonts/cm/cmsy10.pfb></usr/share/texlive/texmf-dist/fonts/type1/public/amsfonts/cm/cmsy8.pfb></usr/share/texlive/texmf-dist/fonts/type1/public/amsfonts/cm/cmtt10.pfb></usr/share/texlive/texmf-dist/fonts/type1/public/amsfonts/symbols/msbm10.pfb></usr/share/texmf/fonts/type1/public/cm-super/sfrm1095.pfb>
Output written on thesisSubmission.pdf (36 pages, 3932951 bytes).
PDF statistics:
 214 PDF objects out of 1000 (max. 8388607)
 124 compressed objects within 2 object streams
 0 named destinations out of 1000 (max. 500000)
 56 words of extra memory for PDF output out of 10000 (max. 10000000)

